// Vitest Snapshot v1, https://vitest.dev/guide/snapshot.html

exports[`CONSISTENCY-TEST-FPR-V2 > moet bevestigen dat de initialFormState 100% valide is 1`] = `
[
  {
    "errors": [],
    "path": "data.setup.aantalMensen",
    "value": 1,
  },
  {
    "errors": [],
    "path": "data.setup.aantalVolwassen",
    "value": 1,
  },
  {
    "errors": [],
    "path": "data.setup.autoCount",
    "value": "Nee",
  },
]
`;
