// Vitest Snapshot v1, https://vitest.dev/guide/snapshot.html

exports[`BT-02-validation-smoke-v2 > genereert de nieuwe waarheid voor de audit 1`] = `
[
  {
    "errors": [
      "Invalid input: expected number, received string",
    ],
    "fieldId": "aantalMensen",
    "inputValue": "",
    "scenario": "Lege invoer",
  },
  {
    "errors": [
      "Invalid input: expected number, received null",
    ],
    "fieldId": "aantalMensen",
    "inputValue": null,
    "scenario": "Null waarde",
  },
  {
    "errors": [],
    "fieldId": "aantalMensen",
    "inputValue": 10,
    "scenario": "Geldig getal",
  },
  {
    "errors": [
      "Minimaal 1 persoon vereist",
    ],
    "fieldId": "aantalMensen",
    "inputValue": -1,
    "scenario": "Te laag getal",
  },
  {
    "errors": [
      "Invalid input: expected number, received string",
    ],
    "fieldId": "aantalMensen",
    "inputValue": "not-a-number",
    "scenario": "Foutieve string",
  },
  {
    "errors": [
      "Invalid input: expected number, received string",
    ],
    "fieldId": "aantalVolwassen",
    "inputValue": "",
    "scenario": "Lege invoer",
  },
  {
    "errors": [
      "Invalid input: expected number, received null",
    ],
    "fieldId": "aantalVolwassen",
    "inputValue": null,
    "scenario": "Null waarde",
  },
  {
    "errors": [],
    "fieldId": "aantalVolwassen",
    "inputValue": 10,
    "scenario": "Geldig getal",
  },
  {
    "errors": [
      "Minimaal 1 volwassene vereist",
    ],
    "fieldId": "aantalVolwassen",
    "inputValue": -1,
    "scenario": "Te laag getal",
  },
  {
    "errors": [
      "Invalid input: expected number, received string",
    ],
    "fieldId": "aantalVolwassen",
    "inputValue": "not-a-number",
    "scenario": "Foutieve string",
  },
  {
    "errors": [
      "Invalid option: expected one of "Nee"|"Een"|"Twee"",
    ],
    "fieldId": "autoCount",
    "inputValue": "",
    "scenario": "Lege invoer",
  },
  {
    "errors": [
      "Invalid option: expected one of "Nee"|"Een"|"Twee"",
    ],
    "fieldId": "autoCount",
    "inputValue": null,
    "scenario": "Null waarde",
  },
  {
    "errors": [
      "Invalid option: expected one of "Nee"|"Een"|"Twee"",
    ],
    "fieldId": "autoCount",
    "inputValue": 10,
    "scenario": "Geldig getal",
  },
  {
    "errors": [
      "Invalid option: expected one of "Nee"|"Een"|"Twee"",
    ],
    "fieldId": "autoCount",
    "inputValue": -1,
    "scenario": "Te laag getal",
  },
  {
    "errors": [
      "Invalid option: expected one of "Nee"|"Een"|"Twee"",
    ],
    "fieldId": "autoCount",
    "inputValue": "not-a-number",
    "scenario": "Foutieve string",
  },
]
`;

exports[`CSV Baseline Snapshots > moet een valide rij correct omzetten naar centen (Baseline) 1`] = `
{
  "amount": -125050,
  "date": "2023-10-27",
  "description": "Huur",
  "original": {
    "Af/Bij": "Af",
    "Bedrag": "1.250,50",
    "Datum": "2023-10-27",
    "Omschrijving": "Huur",
  },
}
`;
