// Vitest Snapshot v1, https://vitest.dev/guide/snapshot.html

exports[`CSV Baseline Snapshots > moet een valide rij correct omzetten naar centen (Baseline) 1`] = `
{
  "amount": -125050,
  "date": "2023-10-27",
  "description": "Huur",
  "original": {
    "Af/Bij": "Af",
    "Bedrag": "1.250,50",
    "Datum": "2023-10-27",
    "Omschrijving": "Huur",
  },
}
`;
