bash: jest: command not found
