// Jest Snapshot v1, https://jestjs.io/docs/snapshot-testing

exports[`GM-010: Household Selector Snapshots moet een consistente mapping van stats en labels behouden 1`] = `
[
  {
    "adultCount": 0,
    "integrity": "empty",
    "isSpecial": false,
    "label": "SINGLE",
  },
  {
    "adultCount": 1,
    "integrity": "empty",
    "isSpecial": false,
    "label": "SINGLE",
  },
  {
    "adultCount": 2,
    "integrity": "empty",
    "isSpecial": false,
    "label": "PARTNERS",
  },
  {
    "adultCount": 5,
    "integrity": "empty",
    "isSpecial": false,
    "label": "SINGLE",
  },
  {
    "adultCount": 6,
    "integrity": "empty",
    "isSpecial": true,
    "label": "SPECIAL",
  },
  {
    "adultCount": 10,
    "integrity": "empty",
    "isSpecial": true,
    "label": "SPECIAL",
  },
]
`;
