// Jest Snapshot v1, https://jestjs.io/docs/snapshot-testing

exports[`GM-009: Migration Output Snapshot moet een volledige migratie-payload consistent transformeren 1`] = `
{
  "data": {
    "household": {
      "members": [
        {
          "entityId": "1",
          "firstName": "Hendrik",
          "lastName": "van de Berg",
          "memberType": "senior",
          "naam": "Hendrik van de Berg",
        },
        {
          "entityId": "2",
          "firstName": "Kleine",
          "lastName": "Puk",
          "memberType": "child",
          "naam": "Kleine Puk",
        },
        {
          "entityId": "3",
          "firstName": "Studentje",
          "lastName": "",
          "memberType": "teenager",
          "naam": "Studentje",
        },
      ],
    },
    "setup": {
      "aantalMensen": 0,
      "aantalVolwassen": 0,
      "autoCount": "Nee",
      "heeftHuisdieren": false,
    },
    "transactions": [
      {
        "amount": 100,
        "id": "t1",
      },
    ],
  },
  "meta": {
    "itemsProcessed": 3,
    "lastModified": "2024-01-01T00:00:00.000Z",
    "version": 1,
  },
  "schemaVersion": "1.0",
}
`;
