// Jest Snapshot v1, https://jestjs.io/docs/snapshot-testing

exports[`snapshot van alle Colors 1`] = `
{
  "dark": {
    "background": "#0F172A",
    "border": "#334155",
    "borderSubtle": "#1E293B",
    "card": "#1E293B",
    "disabled": "#4D4D4D",
    "error": "#FF453A",
    "inputBackground": "#1E293B",
    "inverseText": "#0F172A",
    "onError": "#FFFFFF",
    "onPrimary": "#0F172A",
    "onSecondary": "#F8FAFC",
    "onSelected": "#0F172A",
    "onSuccess": "#0F172A",
    "onWarning": "#0F172A",
    "primary": "#38BDF8",
    "secondary": "#334155",
    "selected": "#38BDF8",
    "shadow": "#000000",
    "success": "#30D158",
    "surface": "#1E293B",
    "textPrimary": "#F8FAFC",
    "textSecondary": "#94A3B8",
    "textTertiary": "#64748B",
    "warning": "#FF9F0A",
  },
  "light": {
    "background": "#F2F2F7",
    "border": "#D1D1D6",
    "borderSubtle": "#F2F2F7",
    "card": "#FFFFFF",
    "disabled": "#CCCCCC",
    "error": "#FF3B30",
    "inputBackground": "#FFFFFF",
    "inverseText": "#FFFFFF",
    "onError": "#FFFFFF",
    "onPrimary": "#FFFFFF",
    "onSecondary": "#1C1C1E",
    "onSelected": "#FFFFFF",
    "onSuccess": "#FFFFFF",
    "onWarning": "#FFFFFF",
    "primary": "#007AFF",
    "secondary": "#E5E5EA",
    "selected": "#007AFF",
    "shadow": "#000000",
    "success": "#34C759",
    "surface": "#FFFFFF",
    "textPrimary": "#1C1C1E",
    "textSecondary": "#6E6E73",
    "textTertiary": "#8E8E93",
    "warning": "#FF9500",
  },
}
`;
