// Jest Snapshot v1, https://jestjs.io/docs/snapshot-testing

exports[`csv Baseline Snapshots moet een valide rij correct omzetten naar centen (Baseline) 1`] = `
{
  "amountEuros": -1250.5,
  "date": "2023-10-27",
  "description": "Huur",
  "original": {
    "Af/Bij": "Af",
    "Bedrag": "1.250,50",
    "Datum": "2023-10-27",
    "Omschrijving": "Huur",
  },
}
`;
