// Jest Snapshot v1, https://jestjs.io/docs/snapshot-testing

exports[`WAI-004-S: Frequency Snapshots moet alle standaardfrequenties consistent omrekenen 1`] = `
[
  {
    "frequency": "week",
    "results": [
      {
        "input": 1000,
        "monthly": 4333,
      },
      {
        "input": 50000,
        "monthly": 216667,
      },
      {
        "input": 120000,
        "monthly": 520000,
      },
    ],
  },
  {
    "frequency": "4wk",
    "results": [
      {
        "input": 1000,
        "monthly": 1083,
      },
      {
        "input": 50000,
        "monthly": 54167,
      },
      {
        "input": 120000,
        "monthly": 130000,
      },
    ],
  },
  {
    "frequency": "month",
    "results": [
      {
        "input": 1000,
        "monthly": 1000,
      },
      {
        "input": 50000,
        "monthly": 50000,
      },
      {
        "input": 120000,
        "monthly": 120000,
      },
    ],
  },
  {
    "frequency": "quarter",
    "results": [
      {
        "input": 1000,
        "monthly": 333,
      },
      {
        "input": 50000,
        "monthly": 16667,
      },
      {
        "input": 120000,
        "monthly": 40000,
      },
    ],
  },
  {
    "frequency": "year",
    "results": [
      {
        "input": 1000,
        "monthly": 83,
      },
      {
        "input": 50000,
        "monthly": 4167,
      },
      {
        "input": 120000,
        "monthly": 10000,
      },
    ],
  },
]
`;
