// Vitest Snapshot v1, https://vitest.dev/guide/snapshot.html

exports[`GM-006: Snapshot Stabiliteit > moet een consistente output genereren voor diverse bedragen 1`] = `
[
  {
    "currency": "€ 1.250,50",
    "dutch": "1.250,50",
    "input": 125050,
  },
  {
    "currency": "€ 10,00",
    "dutch": "10,00",
    "input": 1000,
  },
  {
    "currency": "€ 0,00",
    "dutch": "0,00",
    "input": 0,
  },
  {
    "currency": "€ -50,00",
    "dutch": "-50,00",
    "input": -5000,
  },
]
`;

exports[`GM-006: Snapshot Stabiliteit moet een consistente output genereren voor diverse bedragen 1`] = `
[
  {
    "currency": "€ 1.250,50",
    "dutch": "1.250,50",
    "input": 125050,
  },
  {
    "currency": "€ 10,00",
    "dutch": "10,00",
    "input": 1000,
  },
  {
    "currency": "€ 0,00",
    "dutch": "0,00",
    "input": 0,
  },
  {
    "currency": "€ -50,00",
    "dutch": "-50,00",
    "input": -5000,
  },
]
`;
