// Jest Snapshot v1, https://jestjs.io/docs/snapshot-testing

exports[`UndoScreen Integratie Tests moet transacties laden en de omschrijvingen tonen (met snapshot) 1`] = `
<View
  style={
    {
      "padding": 20,
    }
  }
>
  <Text
    style={
      {
        "fontSize": 18,
      }
    }
  >
    Laatste transacties: 
    2
  </Text>
  <RCTScrollView
    style={
      {
        "marginTop": 8,
      }
    }
  >
    <View>
      <View
        style={
          {
            "paddingVertical": 4,
          }
        }
      >
        <Text>
          Boodschappen
          : € 
          12.5
        </Text>
      </View>
      <View
        style={
          {
            "paddingVertical": 4,
          }
        }
      >
        <Text>
          Tanken
          : € 
          45
        </Text>
      </View>
    </View>
  </RCTScrollView>
  <View
    accessibilityRole="button"
    accessibilityState={
      {
        "busy": undefined,
        "checked": undefined,
        "disabled": undefined,
        "expanded": undefined,
        "selected": undefined,
      }
    }
    accessibilityValue={
      {
        "max": undefined,
        "min": undefined,
        "now": undefined,
        "text": undefined,
      }
    }
    accessible={true}
    collapsable={false}
    focusable={true}
    onClick={[Function]}
    onResponderGrant={[Function]}
    onResponderMove={[Function]}
    onResponderRelease={[Function]}
    onResponderTerminate={[Function]}
    onResponderTerminationRequest={[Function]}
    onStartShouldSetResponder={[Function]}
    style={
      {
        "backgroundColor": "red",
        "borderRadius": 5,
        "marginTop": 20,
        "opacity": 1,
        "padding": 10,
      }
    }
  >
    <Text
      style={
        {
          "color": "white",
          "textAlign": "center",
        }
      }
    >
      Verwijder Alles
    </Text>
  </View>
</View>
`;
