// Jest Snapshot v1, https://jestjs.io/docs/snapshot-testing

exports[`UndoScreen Integratie Tests moet transacties tonen als de hook ze levert 1`] = `
<RCTScrollView
  style={
    {
      "backgroundColor": "#F2F2F7",
      "flex": 1,
    }
  }
>
  <View>
    <View
      style={
        {
          "padding": 16,
        }
      }
    >
      <Text
        style={
          {
            "color": "#1C1C1E",
            "fontSize": 17,
            "fontWeight": "600",
          }
        }
      >
        Transaction Undo/Redo
      </Text>
      <View
        style={
          {
            "marginBottom": 20,
          }
        }
      >
        <Text
          style={
            {
              "color": "#1C1C1E",
              "fontSize": 16,
              "fontWeight": "500",
              "marginBottom": 8,
            }
          }
        >
          Laatste transacties: 
          2
        </Text>
        <View
          style={
            {
              "backgroundColor": "#FFFFFF",
              "borderRadius": 12,
              "marginBottom": 20,
              "padding": 20,
              "shadowColor": "#000000",
              "shadowOffset": {
                "height": 2,
                "width": 0,
              },
              "shadowOpacity": 0.1,
              "shadowRadius": 8,
            }
          }
        >
           
          <View
            style={
              {
                "paddingVertical": 8,
              }
            }
          >
            <Text
              style={
                {
                  "color": "#1C1C1E",
                  "fontWeight": "500",
                }
              }
            >
              Boodschappen
            </Text>
            <Text
              style={
                {
                  "color": "#8E8E93",
                  "fontSize": 14,
                }
              }
            >
              EUR
               
              12.50
               • 
              2026-01-05
            </Text>
          </View>
          <View
            style={
              {
                "paddingVertical": 8,
              }
            }
          >
            <Text
              style={
                {
                  "color": "#1C1C1E",
                  "fontWeight": "500",
                }
              }
            >
              Tanken
            </Text>
            <Text
              style={
                {
                  "color": "#8E8E93",
                  "fontSize": 14,
                }
              }
            >
              EUR
               
              45.00
               • 
              2026-01-05
            </Text>
          </View>
        </View>
        <View
          style={
            {
              "flexDirection": "row",
              "gap": 8,
              "marginTop": 16,
            }
          }
        >
          <View
            accessibilityState={
              {
                "busy": undefined,
                "checked": undefined,
                "disabled": false,
                "expanded": undefined,
                "selected": undefined,
              }
            }
            accessibilityValue={
              {
                "max": undefined,
                "min": undefined,
                "now": undefined,
                "text": undefined,
              }
            }
            accessible={true}
            collapsable={false}
            focusable={true}
            onClick={[Function]}
            onResponderGrant={[Function]}
            onResponderMove={[Function]}
            onResponderRelease={[Function]}
            onResponderTerminate={[Function]}
            onResponderTerminationRequest={[Function]}
            onStartShouldSetResponder={[Function]}
            style={
              {
                "alignItems": "center",
                "backgroundColor": "#007AFF",
                "borderRadius": 10,
                "flex": 1,
                "marginLeft": 12,
                "opacity": 1,
                "padding": 16,
                "shadowColor": "#000000",
                "shadowOffset": {
                  "height": 2,
                  "width": 0,
                },
                "shadowOpacity": 0.1,
                "shadowRadius": 4,
              }
            }
            testID="undo-button"
          >
            <Text
              style={
                {
                  "color": "#FFFFFF",
                  "fontSize": 17,
                  "fontWeight": "700",
                }
              }
            >
              Undo
            </Text>
          </View>
          <View
            accessibilityState={
              {
                "busy": undefined,
                "checked": undefined,
                "disabled": false,
                "expanded": undefined,
                "selected": undefined,
              }
            }
            accessibilityValue={
              {
                "max": undefined,
                "min": undefined,
                "now": undefined,
                "text": undefined,
              }
            }
            accessible={true}
            collapsable={false}
            focusable={true}
            onClick={[Function]}
            onResponderGrant={[Function]}
            onResponderMove={[Function]}
            onResponderRelease={[Function]}
            onResponderTerminate={[Function]}
            onResponderTerminationRequest={[Function]}
            onStartShouldSetResponder={[Function]}
            style={
              {
                "alignItems": "center",
                "backgroundColor": "#007AFF",
                "borderRadius": 10,
                "flex": 1,
                "marginLeft": 12,
                "opacity": 1,
                "padding": 16,
                "shadowColor": "#000000",
                "shadowOffset": {
                  "height": 2,
                  "width": 0,
                },
                "shadowOpacity": 0.1,
                "shadowRadius": 4,
              }
            }
            testID="redo-button"
          >
            <Text
              style={
                {
                  "color": "#FFFFFF",
                  "fontSize": 17,
                  "fontWeight": "700",
                }
              }
            >
              Redo
            </Text>
          </View>
          <View
            accessibilityLabel="Verwijder Alles"
            accessibilityRole="button"
            accessibilityState={
              {
                "busy": undefined,
                "checked": undefined,
                "disabled": false,
                "expanded": undefined,
                "selected": undefined,
              }
            }
            accessibilityValue={
              {
                "max": undefined,
                "min": undefined,
                "now": undefined,
                "text": undefined,
              }
            }
            accessible={true}
            collapsable={false}
            focusable={true}
            onClick={[Function]}
            onResponderGrant={[Function]}
            onResponderMove={[Function]}
            onResponderRelease={[Function]}
            onResponderTerminate={[Function]}
            onResponderTerminationRequest={[Function]}
            onStartShouldSetResponder={[Function]}
            style={
              {
                "alignItems": "center",
                "backgroundColor": "#FF3B30",
                "borderRadius": 10,
                "flex": 1,
                "marginLeft": 12,
                "opacity": 1,
                "padding": 16,
                "secondaryText": {
                  "color": "#1C1C1E",
                  "fontSize": 17,
                  "fontWeight": "600",
                },
                "shadowColor": "#000000",
                "shadowOffset": {
                  "height": 2,
                  "width": 0,
                },
                "shadowOpacity": 0.1,
                "shadowRadius": 4,
              }
            }
            testID="delete-all-button"
          >
            <Text
              style={
                {
                  "color": "#FFFFFF",
                  "fontSize": 17,
                  "fontWeight": "700",
                }
              }
            >
              Verwijder Alles
            </Text>
          </View>
        </View>
      </View>
    </View>
  </View>
</RCTScrollView>
`;
